c:\users\og\source\repos\server_a\server_a\x64\debug\vc143.pdb
c:\users\og\source\repos\server_a\server_a\x64\debug\vc143.idb
c:\users\og\source\repos\server_a\server_a\x64\debug\projecttile.obj
c:\users\og\source\repos\server_a\server_a\x64\debug\player.obj
c:\users\og\source\repos\server_a\server_a\x64\debug\gamesessionmanager.obj
c:\users\og\source\repos\server_a\server_a\x64\debug\gamesession.obj
c:\users\og\source\repos\server_a\server_a\x64\debug\objectmanager.obj
c:\users\og\source\repos\server_a\server_a\x64\debug\mysqlconnectionpool.obj
c:\users\og\source\repos\server_a\server_a\x64\debug\mysqlconnection.obj
c:\users\og\source\repos\server_a\server_a\x64\debug\mysqlcommand.obj
c:\users\og\source\repos\server_a\server_a\x64\debug\monster.obj
c:\users\og\source\repos\server_a\server_a\x64\debug\mapmanager.obj
c:\users\og\source\repos\server_a\server_a\x64\debug\magicskill.obj
c:\users\og\source\repos\server_a\server_a\x64\debug\jwtutils.obj
c:\users\og\source\repos\server_a\server_a\x64\debug\jsonutils.obj
c:\users\og\source\repos\server_a\server_a\x64\debug\globalobject.obj
c:\users\og\source\repos\server_a\server_a\x64\debug\gameobject.obj
c:\users\og\source\repos\server_a\server_a\x64\debug\datamanager.obj
c:\users\og\source\repos\server_a\server_a\x64\debug\datacontent.obj
c:\users\og\source\repos\server_a\server_a\x64\debug\configmanager.obj
c:\users\og\source\repos\server_a\server_a\x64\debug\clientpackethandler.obj
c:\users\og\source\repos\server_a\server_a\x64\debug\arrow.obj
c:\users\og\source\repos\server_a\server_a\x64\debug\server.obj
c:\users\og\source\repos\server_a\server_a\x64\debug\roommanager.obj
c:\users\og\source\repos\server_a\server_a\x64\debug\room.obj
c:\users\og\source\repos\server_a\server_a\x64\debug\redisutils.obj
c:\users\og\source\repos\server_a\server_a\x64\debug\redisconnection.obj
c:\users\og\source\repos\server_a\server_a\x64\debug\serversession.obj
c:\users\og\source\repos\server_a\server_a\x64\debug\serversessionmanager.obj
c:\users\og\source\repos\server_a\server_a\x64\debug\serverpackethandler.obj
c:\users\og\source\repos\server_a\server_a\x64\debug\utils.obj
c:\users\og\source\repos\server_a\server_a\x64\debug\server_a.pch
c:\users\og\source\repos\server_a\server_a\x64\debug\pch.obj
c:\users\og\source\repos\server_a\server_a\x64\debug\serverprotocol.pb.obj
c:\users\og\source\repos\server_a\server_a\x64\debug\protocol.pb.obj
c:\users\og\source\repos\server_a\binary\debug\server_a.exe
c:\users\og\source\repos\server_a\binary\debug\server_a.pdb
c:\users\og\source\repos\server_a\server_a\x64\debug\server_a.ilk
c:\users\og\source\repos\server_a\server_a\x64\debug\enum.pb.obj
c:\users\og\source\repos\server_a\server_a\x64\debug\redisconnectionpool.obj
c:\users\og\source\repos\server_a\server_a\x64\debug\struct.pb.obj
c:\users\og\source\repos\server_a\server_a\x64\debug\server_a.tlog\cl.command.1.tlog
c:\users\og\source\repos\server_a\server_a\x64\debug\server_a.tlog\cl.items.tlog
c:\users\og\source\repos\server_a\server_a\x64\debug\server_a.tlog\cl.read.1.tlog
c:\users\og\source\repos\server_a\server_a\x64\debug\server_a.tlog\cl.write.1.tlog
c:\users\og\source\repos\server_a\server_a\x64\debug\server_a.tlog\link.command.1.tlog
c:\users\og\source\repos\server_a\server_a\x64\debug\server_a.tlog\link.read.1.tlog
c:\users\og\source\repos\server_a\server_a\x64\debug\server_a.tlog\link.secondary.1.tlog
c:\users\og\source\repos\server_a\server_a\x64\debug\server_a.tlog\link.write.1.tlog
