빌드 시작: 2025-04-23 1:08:48
로깅의 세부 정보 표시가 Normal(으)로 설정되었습니다.     1>2 노드의 "C:\Users\OG\source\repos\Server_A\Server_A\Server_A.vcxproj" 프로젝트(Build 대상)입니다.
     1>PrepareForBuild:
         구조적 출력을 사용할 수 있습니다. 컴파일러 진단의 서식은 오류 계층 구조를 반영합니다. 자세한 내용은 https://aka.ms/cpp/structured-output을 참조하세요.
       InitializeBuildStatus:
         "x64\Release\Server_A.tlog\unsuccessfulbuild"에 연결(touching)하고 있습니다.
       PreBuildEvent:
         CALL C:\Users\OG\source\repos\Server_A\Common\Protobuf\bin\GenPackets.bat
         :VCEnd
         [PYI-7832:ERROR] Failed to extract python39.dll: decompression resulted in return code -1!
         [PYI-7832:ERROR] Failed to extract entry: python39.dll.
         [PYI-21272:ERROR] Failed to extract libcrypto-1_1.dll: decompression resulted in return code -1!
         [PYI-21272:ERROR] Failed to extract entry: libcrypto-1_1.dll.
         [PYI-27476:ERROR] Failed to extract MarkupSafe-3.0.1.dist-info\WHEEL: failed to open target file!
         fopen: No space left on device
         [PYI-27476:ERROR] Failed to extract entry: MarkupSafe-3.0.1.dist-info\WHEEL.
         C:Protocol.pb.h
         1 File(s) copied
         C:Protocol.pb.cc
         1 File(s) copied
         C:ServerProtocol.pb.h
         1 File(s) copied
         C:ServerProtocol.pb.cc
         1 File(s) copied
         C:ServerProtocol.pb.h
         1 File(s) copied
         C:ServerProtocol.pb.cc
         1 File(s) copied
         File not found - ClientPacketHandler.h
         0 File(s) copied
         File not found - ServerPacketHandler.h
         0 File(s) copied
         0 File(s) copied
         File not found - RoomPacketHandler.h
         C:Protocol.cs
         1 File(s) copied
         Could Not Find C:\Users\OG\source\repos\Server_A\Common\Protobuf\bin\*.h
         Press any key to continue . . . 
       ClCompile:
         모든 출력이 최신 상태입니다.
         G:\visualstudio\VC\Tools\MSVC\14.41.34120\bin\HostX64\x64\CL.exe /c /IC:\Users\OG\source\repos\Server_A\\Libraries\Include\hiredis\Debug\ /IG:\developtools\boost_1_87_0\boost_1_87_0\boost /IC:\Users\OG\source\repos\Server_A\\Libraries\Include\mysql\ /Zi /nologo /W3 /WX- /diagnostics:column /sdl /O2 /Oi /GL /D _HAS_STD_BYTE=0 /D _UNICODE /D UNICODE /Gm- /EHsc /MD /GS /Gy /fp:precise /Zc:wchar_t /Zc:forScope /Zc:inline /std:c++17 /permissive- /Yu"pch.h" /Fp"x64\Release\Server_A.pch" /Fo"x64\Release\\" /Fd"x64\Release\vc143.pdb" /external:W3 /Gd /TP /FC /errorReport:prompt Arrow.cpp ClientPacketHandler.cpp ConfigManager.cpp DataContent.cpp DataManager.cpp GameObject.cpp GameSession.cpp GlobalObject.cpp JwtUtils.cpp MagicSkill.cpp MapManager.cpp Monster.cpp MysqlConnectionPool.cpp ObjectManager.cpp Player.cpp ProjectTile.cpp RedisConnection.cpp Room.cpp RoomManager.cpp Server.cpp ServerPacketHandler.cpp ServerSession.cpp
         Arrow.cpp
